3.141500
Variable 'y' is declared constant, cannot be modified at line 5
